// Jest Snapshot v1, https://goo.gl/fbAQLP

exports[`[tc-react-button] should construct the modifiers accent correctly. 1`] = `"tc-Button tc-Button--accent"`;

exports[`[tc-react-button] should construct the modifiers accent,flat correctly. 1`] = `"tc-Button tc-Button--accent tc-Button--flat"`;

exports[`[tc-react-button] should construct the modifiers ctab compact correctly. 1`] = `"tc-Button tc-Button--ctab tc-Button--compact"`;

exports[`[tc-react-button] should pass in prop getter for button icons. 1`] = `
Object {
  "aria-hidden": true,
  "className": "tc-Button-icon",
  "id": "button-icon",
}
`;
